[creditallegiantrepair.com/index.html]
[backblue.gif]
[fade.gif]
[index.html]
[use.fontawesome.com/releases/v5.15.4/css/regular.css]
[use.fontawesome.com/releases/v5.15.4/css/solid.css]
[use.fontawesome.com/releases/v5.15.4/css/brands.css]
[stcdn.leadconnectorhq.com/funnel/css/element_animation.css]
[firebasestorage.googleapis.com/v0/b/highlevel-backend.appspot.com/o/location/Fs74fdtORD6qDApzxDvi/images/51482d8a-71d9-4725-8bfb-adce77599ac968cf.png]
[cdn.filesafe.space/location/Fs74fdtORD6qDApzxDvi/images/51482d8a-71d9-4725-8bfb-adce77599ac968cf.png]
[stcdn.leadconnectorhq.com/intl-tel-input/17.0.12/img/flags.png]
[stcdn.leadconnectorhq.com/_preview/entry.28a6fb2e.js]
[stcdn.leadconnectorhq.com/_preview/page.5381cc06.js]
[stcdn.leadconnectorhq.com/_preview/TextRenderer.72096e00.js]
[stcdn.leadconnectorhq.com/_preview/index.58a299e1.js]
[stcdn.leadconnectorhq.com/_preview/constants.219033a1.js]
[stcdn.leadconnectorhq.com/_preview/HLConst.8f085cc8.js]
[stcdn.leadconnectorhq.com/_preview/HLImage.vue.13eed14f.js]
[stcdn.leadconnectorhq.com/_preview/useRedirectAction.d5189ff5.js]
[stcdn.leadconnectorhq.com/_preview/client-only.8e545962.js]
[stcdn.leadconnectorhq.com/_preview/components.ee5a7404.js]
[stcdn.leadconnectorhq.com/_preview/HtmlPreview.vue.6a92eee7.js]
[stcdn.leadconnectorhq.com/_preview/utils.16ef0c2a.js]
[stcdn.leadconnectorhq.com/_preview/index.02cfd414.js]
[stcdn.leadconnectorhq.com/_preview/FunnelServices.51bf4f01.js]
[stcdn.leadconnectorhq.com/_preview/am_helper.62f38920.js]
[stcdn.leadconnectorhq.com/_preview/currency_helper.0e2fcc1c.js]
[stcdn.leadconnectorhq.com/_preview/Button.320e0789.js]
[stcdn.leadconnectorhq.com/_preview/funnel_event_helper.f4a21d53.js]
[stcdn.leadconnectorhq.com/_preview/orderform_helpers.a6d2be99.js]
[stcdn.leadconnectorhq.com/_preview/payment-warning.38c0e5f6.js]
[stcdn.leadconnectorhq.com/_preview/MoonLoader.vue.89cef13f.js]
[stcdn.leadconnectorhq.com/_preview/MoonLoader.9f5fd0b8.js]
[stcdn.leadconnectorhq.com/_preview/Video.df33b008.js]
[stcdn.leadconnectorhq.com/_preview/optimize_script.62756637.js]
[stcdn.leadconnectorhq.com/_preview/HLImage.a6a19385.js]
[stcdn.leadconnectorhq.com/_preview/HtmlPreview.41aa56a1.js]
[images.leadconnectorhq.com/image/f_webp/q_80/r_900/u_https_/cdn.filesafe.space/location/Fs74fdtORD6qDApzxDvi/images/0760176c16252636ada7125007b4affe_900_8068cf.webp]
[images.leadconnectorhq.com/image/f_webp/q_80/r_768/u_https_/cdn.filesafe.space/location/Fs74fdtORD6qDApzxDvi/images/091e448e11e151c23b474c1e936e1780_768_8068cf.webp]
[images.leadconnectorhq.com/image/f_webp/q_80/r_640/u_https_/cdn.filesafe.space/location/Fs74fdtORD6qDApzxDvi/images/4ccb93bc8a6d509644ef3e7fa29abf09_640_8068cf.webp]
[images.leadconnectorhq.com/image/f_webp/q_80/r_480/u_https_/cdn.filesafe.space/location/Fs74fdtORD6qDApzxDvi/images/e54f6170b1f78548ff70771071b4eaf5_480_8068cf.webp]
[images.leadconnectorhq.com/image/f_webp/q_80/r_320/u_https_/cdn.filesafe.space/location/Fs74fdtORD6qDApzxDvi/images/6a31228ca2ba31cc8b344323f92af1df_320_8068cf.webp]
[images.leadconnectorhq.com/image/f_webp/q_80/r_1200/u_https_/cdn.filesafe.space/location/Fs74fdtORD6qDApzxDvi/images/e379e97093aa8e04272e85e0c403e7a2_1200_8068cf.webp]
[images.leadconnectorhq.com/image/f_webp/q_80/r_900/u_https_/cdn.filesafe.space/location/Fs74fdtORD6qDApzxDvi/images/94f773ab96b2d9ccea2d4c0622d95552_900_8068cf.webp]
[images.leadconnectorhq.com/image/f_webp/q_80/r_768/u_https_/cdn.filesafe.space/location/Fs74fdtORD6qDApzxDvi/images/fe111553f245e7f10643e72f183c60e6_768_8068cf.webp]
[images.leadconnectorhq.com/image/f_webp/q_80/r_640/u_https_/cdn.filesafe.space/location/Fs74fdtORD6qDApzxDvi/images/a18d55adf0a90ca6028a271cb6e01423_640_8068cf.webp]
[images.leadconnectorhq.com/image/f_webp/q_80/r_480/u_https_/cdn.filesafe.space/location/Fs74fdtORD6qDApzxDvi/images/e2e3a6c63be1268adacf74f566f9cf87_480_8068cf.webp]
[images.leadconnectorhq.com/image/f_webp/q_80/r_320/u_https_/cdn.filesafe.space/location/Fs74fdtORD6qDApzxDvi/images/454e5c2dbb8339e087fd4abadce7a35f_320_8068cf.webp]
[images.leadconnectorhq.com/image/f_webp/q_80/r_1200/u_https_/cdn.filesafe.space/location/Fs74fdtORD6qDApzxDvi/images/c1458040fd85650159b74fa970f1bff1_1200_8068cf.webp]
[images.leadconnectorhq.com/image/f_webp/q_80/r_900/u_https_/cdn.filesafe.space/location/Fs74fdtORD6qDApzxDvi/images/fcbbd97b10404525e9c36c03ade22fdb_900_8068cf.webp]
[images.leadconnectorhq.com/image/f_webp/q_80/r_768/u_https_/cdn.filesafe.space/location/Fs74fdtORD6qDApzxDvi/images/efa570247440b3b940fc4d1f55f4f7ba_768_8068cf.webp]
[images.leadconnectorhq.com/image/f_webp/q_80/r_640/u_https_/cdn.filesafe.space/location/Fs74fdtORD6qDApzxDvi/images/3a4f8927f6ed422a88d481a62d6f065f_640_8068cf.webp]
[images.leadconnectorhq.com/image/f_webp/q_80/r_480/u_https_/cdn.filesafe.space/location/Fs74fdtORD6qDApzxDvi/images/f1ef1e2fb941edaccfc1c82042828e12_480_8068cf.webp]
[images.leadconnectorhq.com/image/f_webp/q_80/r_320/u_https_/cdn.filesafe.space/location/Fs74fdtORD6qDApzxDvi/images/f16ca66116ef065de302897328ddff8f_320_8068cf.webp]
[images.leadconnectorhq.com/image/f_webp/q_80/r_1200/u_https_/cdn.filesafe.space/location/Fs74fdtORD6qDApzxDvi/images/5135916784a3eb67e8dea40497d25a29_1200_8068cf.webp]
[images.leadconnectorhq.com/image/f_webp/q_80/r_900/u_https_/cdn.filesafe.space/location/Fs74fdtORD6qDApzxDvi/images/6ff432af952b4bdd4742ffc3f09bf382_90068cf.jpg]
[images.leadconnectorhq.com/image/f_webp/q_80/r_768/u_https_/cdn.filesafe.space/location/Fs74fdtORD6qDApzxDvi/images/7ab96e5a2b5e35318da061f492cb8da9_76868cf.jpg]
[images.leadconnectorhq.com/image/f_webp/q_80/r_640/u_https_/cdn.filesafe.space/location/Fs74fdtORD6qDApzxDvi/images/caffcef1a98725cd5aa1f341d30aecb7_64068cf.jpg]
[images.leadconnectorhq.com/image/f_webp/q_80/r_480/u_https_/cdn.filesafe.space/location/Fs74fdtORD6qDApzxDvi/images/0cddb38f4c29569a66b82a02e62fba33_48068cf.jpg]
[images.leadconnectorhq.com/image/f_webp/q_80/r_320/u_https_/cdn.filesafe.space/location/Fs74fdtORD6qDApzxDvi/images/9186c1bdf0096e3d8233020efbc08731_32068cf.jpg]
[images.leadconnectorhq.com/image/f_webp/q_80/r_1200/u_https_/cdn.filesafe.space/location/Fs74fdtORD6qDApzxDvi/images/122d12eaefbae776313e30f4529d7b97_120068cf.jpg]
[img.youtube.com/vi/GpEHpHf4zOs/maxresdefault.jpg]
[img.youtube.com/vi/vO-gIP7nuaQ/hqdefault.jpg]
[img.youtube.com/vi/tIdgnktsF7k/hqdefault.jpg]
[img.youtube.com/vi/NstMncUr5KE/maxresdefault.jpg]
[firebasestorage.googleapis.com/v0/b/highlevel-backend.appspot.com/o/location/Fs74fdtORD6qDApzxDvi/images/f59efd17-1def-4ed9-9e45-245190a96f5068cf.jpg]
[firebasestorage.googleapis.com/v0/b/highlevel-backend.appspot.com/o/location/Fs74fdtORD6qDApzxDvi/images/ebcf1cc0-3f57-4cf2-837c-f64870d0d1e668cf.png]
[firebasestorage.googleapis.com/v0/b/highlevel-backend.appspot.com/o/location/Fs74fdtORD6qDApzxDvi/images/be799d78-e844-42dd-85d9-c262f129c35268cf.jpg]
[img.youtube.com/vi/JK2sNYZDt_M/hqdefault.jpg]
[firebasestorage.googleapis.com/v0/b/highlevel-backend.appspot.com/o/companyPhotos/Credit Allegiant (350c180)32dd.png]
[analytics.tiktok.com/i18n/pixel/events.js]
[creditallegiantrepair.com/index.html]
[use.fontawesome.com/releases/v5.15.4/css/regular.css]
[use.fontawesome.com/releases/v5.15.4/css/solid.css]
[use.fontawesome.com/releases/v5.15.4/css/brands.css]
[stcdn.leadconnectorhq.com/funnel/css/element_animation.css]
